RAM Allocation
Variable                                                          Address   Size
--------------------------------------------------------------------------------
adc                                                               0160h       32
_base_y                                                           0180h        4

EEPROM Allocation
Variable                                                          Address   Size
--------------------------------------------------------------------------------
c                                                                 0000h        2

Register Allocation
Variable                                                          Register  Size
--------------------------------------------------------------------------------
cmp                                                               R4,R5        2
adc_min                                                           R6,R7        2
i                                                                 R8,R9        2
_lcd_x                                                            R11          1
_lcd_y                                                            R10          1
_lcd_maxx                                                         R13          1
