RAM Allocation [bytes]
Variable                                                                          Address   Size
------------------------------------------------------------------------------------------------
adc                                                                               0x0160      32
b                                                                                 0x0180       2
r                                                                                 0x0182       2
k                                                                                 0x0184       2
ph                                                                                0x0186       2
f                                                                                 0x0188       2
_base_y                                                                           0x018A       4
_lcd_x                                                                            0x018E       1
_lcd_y                                                                            0x018F       1
_lcd_maxx                                                                         0x0190       1

EEPROM Allocation [bytes]
Variable                                                                          Address   Size
------------------------------------------------------------------------------------------------

Register Allocation
Variable                                                                          Register  Size
------------------------------------------------------------------------------------------------
cmp                                                                               R4,R5        2
c                                                                                 R6,R7        2
i                                                                                 R8,R9        2
adc_min                                                                           R10,R11      2
l                                                                                 R12,R13      2

FLASH Allocation [words]
Function                                                                          Address   Size
------------------------------------------------------------------------------------------------
read_adc                                                                          0x0005C     15
compass_read                                                                      0x0006B     35
sensor                                                                            0x0008E    284
motor                                                                             0x001AA    171
catch                                                                             0x00255    280
main                                                                              0x0036D    242
_lcd_write_nibble_G100                                                            0x0045F     20
_lcd_write_data                                                                   0x00473     12
lcd_gotoxy                                                                        0x0047F     17
lcd_clear                                                                         0x00490     12
lcd_putchar                                                                       0x0049C     31
lcd_init                                                                          0x004BB     41
