RAM Allocation [bytes]
Variable                                                                          Address   Size
------------------------------------------------------------------------------------------------
v                                                                                 0x0160       2
imin                                                                              0x0162       2
i                                                                                 0x0164       2
min                                                                               0x0166       2
_base_y                                                                           0x0168       4
_lcd_x                                                                            0x016C       1
_lcd_y                                                                            0x016D       1
_lcd_maxx                                                                         0x016E       1

EEPROM Allocation [bytes]
Variable                                                                          Address   Size
------------------------------------------------------------------------------------------------

Register Allocation
Variable                                                                          Register  Size
------------------------------------------------------------------------------------------------
cmp                                                                               R4,R5        2
c                                                                                 R6,R7        2
SR                                                                                R8,R9        2
SB                                                                                R10,R11      2
SL                                                                                R12,R13      2

FLASH Allocation [words]
Function                                                                          Address   Size
------------------------------------------------------------------------------------------------
read_adc                                                                          0x00060     15
compass_read                                                                      0x0006F     35
motor                                                                             0x00092    160
sensor                                                                            0x00132    247
main                                                                              0x00229    333
_lcd_delay_G100                                                                   0x00376      4
_lcd_ready                                                                        0x0037A     17
_lcd_write_nibble_G100                                                            0x0038B     10
_lcd_write_data                                                                   0x00395     15
_lcd_read_nibble_G100                                                             0x003A4      9
lcd_read_byte0_G100                                                               0x003AD      9
lcd_gotoxy                                                                        0x003B6     20
lcd_clear                                                                         0x003CA     21
lcd_putchar                                                                       0x003DF     39
_long_delay_G100                                                                  0x00406      5
_lcd_init_write_G100                                                              0x0040B     12
lcd_init                                                                          0x00417     46
