RAM Allocation [bytes]
Variable                                                                          Address   Size
------------------------------------------------------------------------------------------------
_base_y (alcd.lib)                                                                0x0160       4

EEPROM Allocation [bytes]
Variable                                                                          Address   Size
------------------------------------------------------------------------------------------------

Register Allocation
Variable                                                                          Register  Size
------------------------------------------------------------------------------------------------
imin                                                                              R4,R5        2
i                                                                                 R6,R7        2
min                                                                               R8,R9        2
_lcd_x                                                                            R11          1
_lcd_y                                                                            R10          1
_lcd_maxx                                                                         R13          1

FLASH Allocation [words]
Function                                                                          Address   Size
------------------------------------------------------------------------------------------------
main                                                                              0x00065     56
_lcd_write_nibble_G100                                                            0x0009D     21
_lcd_write_data                                                                   0x000B2     13
lcd_clear                                                                         0x000BF     10
lcd_init                                                                          0x000C9     43
